
==================================== ERRORS ====================================
___________ ERROR collecting tests/test_bootstrap_shared_indices.py ____________
ImportError while importing test module '/private/tmp/fmls-regression-source-20260928/tests/test_bootstrap_shared_indices.py'.
Hint: make sure your test modules/packages have valid Python names.
Traceback:
/Users/seonghobae/.local/share/uv/python/cpython-3.12.14-macos-aarch64-none/lib/python3.12/importlib/__init__.py:90: in import_module
    return _bootstrap._gcd_import(name[level:], package, level)
           ^^^^^^^^^^^^^^^^^^^^^^^^^^^^^^^^^^^^^^^^^^^^^^^^^^^^
tests/test_bootstrap_shared_indices.py:7: in <module>
    import fast_mlsirm.bifactor_bootstrap as bb
python/fast_mlsirm/__init__.py:37: in <module>
    from .interaction_map import ResidualInteractionMap as ResidualInteractionMap
python/fast_mlsirm/interaction_map.py:10: in <module>
    from . import _core
E   ImportError: cannot import name '_core' from partially initialized module 'fast_mlsirm' (most likely due to a circular import) (/private/tmp/fmls-regression-source-20260928/python/fast_mlsirm/__init__.py)
__________ ERROR collecting tests/test_bootstrap_failure_receipts.py ___________
ImportError while importing test module '/private/tmp/fmls-regression-source-20260928/tests/test_bootstrap_failure_receipts.py'.
Hint: make sure your test modules/packages have valid Python names.
Traceback:
/Users/seonghobae/.local/share/uv/python/cpython-3.12.14-macos-aarch64-none/lib/python3.12/importlib/__init__.py:90: in import_module
    return _bootstrap._gcd_import(name[level:], package, level)
           ^^^^^^^^^^^^^^^^^^^^^^^^^^^^^^^^^^^^^^^^^^^^^^^^^^^^
tests/test_bootstrap_failure_receipts.py:4: in <module>
    import fast_mlsirm.bifactor_bootstrap as bb
python/fast_mlsirm/__init__.py:37: in <module>
    from .interaction_map import ResidualInteractionMap as ResidualInteractionMap
python/fast_mlsirm/interaction_map.py:10: in <module>
    from . import _core
E   ImportError: cannot import name '_core' from partially initialized module 'fast_mlsirm' (most likely due to a circular import) (/private/tmp/fmls-regression-source-20260928/python/fast_mlsirm/__init__.py)
_____________ ERROR collecting tests/test_bootstrap_slope_prior.py _____________
ImportError while importing test module '/private/tmp/fmls-regression-source-20260928/tests/test_bootstrap_slope_prior.py'.
Hint: make sure your test modules/packages have valid Python names.
Traceback:
/Users/seonghobae/.local/share/uv/python/cpython-3.12.14-macos-aarch64-none/lib/python3.12/importlib/__init__.py:90: in import_module
    return _bootstrap._gcd_import(name[level:], package, level)
           ^^^^^^^^^^^^^^^^^^^^^^^^^^^^^^^^^^^^^^^^^^^^^^^^^^^^
tests/test_bootstrap_slope_prior.py:5: in <module>
    import fast_mlsirm.bifactor_bootstrap as bb
python/fast_mlsirm/__init__.py:37: in <module>
    from .interaction_map import ResidualInteractionMap as ResidualInteractionMap
python/fast_mlsirm/interaction_map.py:10: in <module>
    from . import _core
E   ImportError: cannot import name '_core' from partially initialized module 'fast_mlsirm' (most likely due to a circular import) (/private/tmp/fmls-regression-source-20260928/python/fast_mlsirm/__init__.py)
=========================== short test summary info ============================
ERROR tests/test_bootstrap_shared_indices.py
ERROR tests/test_bootstrap_failure_receipts.py
ERROR tests/test_bootstrap_slope_prior.py
!!!!!!!!!!!!!!!!!!! Interrupted: 3 errors during collection !!!!!!!!!!!!!!!!!!!!
3 errors in 12.09s
