📦 Including license file `LICENSE`
📦 Including license file `LICENSE-THIRD-PARTY`
📦 Including license file `NOTICE`
📦 Including license file `NOTICE-cfg_aliases-0.2.2-NOTICES.md`
📦 Including license file `NOTICE-libm-0.2.16-LICENSE.txt`
📦 Including license file `NOTICE-libm-0.2.16-source-notices.txt`
🍹 Building a mixed python/rust project
🐍 Found CPython 3.14 at /opt/python/cp314-cp314/bin/python
🔗 Found pyo3 bindings
📡 Using build options features, bindings from pyproject.toml
   Compiling pyo3-ffi v0.29.2
warning: function `gh_rule_unidim` is never used
   --> /w/arm-src/crates/mlsirm-core/src/quadrature.rs:911:15
    |
911 | pub(crate) fn gh_rule_unidim(q: usize) -> Option<(&'static [f64], &'static [f64])> {
    |               ^^^^^^^^^^^^^^
    |
    = note: `#[warn(dead_code)]` (part of `#[warn(unused)]`) on by default

warning: `mlsirm-core` (lib) generated 1 warning
   Compiling pyo3 v0.29.2
   Compiling numpy v0.29.0
   Compiling fast-mlsirm-py v0.11.5 (/w/arm-src/crates/fast-mlsirm-py)
    Finished `release` profile [optimized] target(s) in 1m 04s
📦 Built wheel for CPython 3.14 to /w/dist-reviewed-cp314/fast_mlsirm-0.11.5-cp314-cp314-manylinux_2_17_aarch64.manylinux2014_aarch64.whl
