📦 Including license file `LICENSE`
📦 Including license file `LICENSE-THIRD-PARTY`
📦 Including license file `NOTICE`
📦 Including license file `NOTICE-cfg_aliases-0.2.2-NOTICES.md`
📦 Including license file `NOTICE-libm-0.2.16-LICENSE.txt`
📦 Including license file `NOTICE-libm-0.2.16-source-notices.txt`
🍹 Building a mixed python/rust project
🐍 Found CPython 3.12 at /w/container-venv-2014build/bin/python
🔗 Found pyo3 bindings
📡 Using build options features, bindings from pyproject.toml
   Compiling proc-macro2 v1.0.107
   Compiling unicode-ident v1.0.26
   Compiling quote v1.0.47
   Compiling autocfg v1.5.1
   Compiling cfg-if v1.0.5
   Compiling libm v0.2.16
   Compiling cfg_aliases v0.2.2
   Compiling foldhash v0.2.0
   Compiling libc v0.2.189
   Compiling target-lexicon v0.13.5
   Compiling equivalent v1.0.2
   Compiling thiserror v2.0.20
   Compiling hashbrown v0.17.1
   Compiling num-traits v0.2.19
   Compiling libloading v0.8.9
   Compiling log v0.4.34
   Compiling once_cell v1.21.4
   Compiling zerocopy v0.8.57
   Compiling rustc-hash v1.1.0
   Compiling pyo3-build-config v0.29.2
   Compiling bitflags v2.13.2
   Compiling naga v30.0.1
   Compiling pkg-config v0.3.34
   Compiling ash v0.38.0+1.3.281
   Compiling syn v3.0.6
   Compiling syn v2.0.119
   Compiling indexmap v2.14.2
   Compiling bit-vec v0.9.1
   Compiling version_check v0.9.5
   Compiling unicode-width v0.2.2
   Compiling parking_lot_core v0.9.12
   Compiling generic-array v0.14.7
   Compiling codespan-reporting v0.13.1
   Compiling wayland-sys v0.31.11
   Compiling bit-set v0.10.0
   Compiling spirv v0.4.0+sdk-1.4.341.0
   Compiling scopeguard v1.2.0
   Compiling smallvec v1.16.1
   Compiling raw-window-handle v0.6.2
   Compiling arrayvec v0.7.8
   Compiling khronos-egl v6.0.0
   Compiling allocator-api2 v0.2.21
   Compiling static_assertions v1.1.0
   Compiling lock_api v0.4.14
   Compiling pyo3-ffi v0.29.2
   Compiling dlib v0.5.3
   Compiling wgpu-hal v30.0.1
   Compiling hashbrown v0.16.1
   Compiling presser v0.3.1
   Compiling typenum v1.20.1
   Compiling parking_lot v0.12.5
   Compiling ordered-float v5.5.0
   Compiling thiserror-impl v2.0.20
   Compiling bytemuck_derive v1.12.1
   Compiling renderdoc-sys v1.1.0
   Compiling profiling v1.0.18
   Compiling serde_core v1.0.229
   Compiling glow v0.17.0
   Compiling pyo3 v0.29.2
   Compiling matrixmultiply v0.3.11
   Compiling wgpu-core v30.0.1
   Compiling zmij v1.0.23
   Compiling litrs v1.0.0
   Compiling heck v0.5.0
   Compiling pyo3-macros-backend v0.29.2
   Compiling naga-types v30.0.1
   Compiling block-buffer v0.10.4
   Compiling document-features v0.2.12
   Compiling bytemuck v1.25.2
   Compiling crypto-common v0.1.7
   Compiling wgpu v30.0.1
   Compiling wgpu-types v30.0.1
   Compiling rawpointer v0.2.1
   Compiling serde v1.0.229
   Compiling serde_json v1.0.151
   Compiling digest v0.10.7
   Compiling zerocopy-derive v0.8.57
   Compiling serde_derive v1.0.229
   Compiling num-integer v0.1.47
   Compiling num-complex v0.4.6
   Compiling numpy v0.29.0
   Compiling time-core v0.1.9
   Compiling itoa v1.0.18
   Compiling powerfmt v0.2.0
   Compiling memchr v2.8.3
   Compiling num-conv v0.2.2
   Compiling deranged v0.5.8
   Compiling cpufeatures v0.2.17
   Compiling sha2 v0.10.9
   Compiling pyo3-macros v0.29.2
   Compiling ndarray v0.17.2
   Compiling uuid v1.26.1
   Compiling time v0.3.55
   Compiling pollster v1.0.1
   Compiling rustc-hash v2.1.3
   Compiling half v2.7.1
   Compiling gpu-allocator v0.28.0
   Compiling wgpu-naga-bridge v30.0.1
   Compiling wgpu-core-deps-windows-linux-android v30.0.1
   Compiling mlsirm-core v0.11.5 (/w/core-src/crates/mlsirm-core)
warning: function `gh_rule_unidim` is never used
   --> /w/core-src/crates/mlsirm-core/src/quadrature.rs:911:15
    |
911 | pub(crate) fn gh_rule_unidim(q: usize) -> Option<(&'static [f64], &'static [f64])> {
    |               ^^^^^^^^^^^^^^
    |
    = note: `#[warn(dead_code)]` (part of `#[warn(unused)]`) on by default

warning: `mlsirm-core` (lib) generated 1 warning
   Compiling fast-mlsirm-py v0.11.5 (/w/core-src/crates/fast-mlsirm-py)
    Finished `release` profile [optimized] target(s) in 1m 49s
📦 Built wheel for CPython 3.12 to /w/core-dist-manylinux2014/fast_mlsirm-0.11.5-cp312-cp312-manylinux_2_17_x86_64.manylinux2014_x86_64.whl
