Building wheel...
<string>:2: SetuptoolsDeprecationWarning: The test command is disabled and references to it are deprecated.
!!

        ********************************************************************************
        Please remove any references to `setuptools.command.test` in all supported versions of the affected package.

        This deprecation is overdue, please update your project and remove deprecated
        calls to avoid build errors in the future.
        ********************************************************************************

!!
/tmp/fmls-sortedcontainers-source-replay2-20260928/.build-venv/lib/python3.12/site-packages/setuptools/_distutils/dist.py:289: UserWarning: Unknown distribution option: 'tests_require'
  warnings.warn(msg)
/tmp/fmls-sortedcontainers-source-replay2-20260928/.build-venv/lib/python3.12/site-packages/setuptools/dist.py:759: SetuptoolsDeprecationWarning: License classifiers are deprecated.
!!

        ********************************************************************************
        Please consider removing the following classifiers in favor of a SPDX license expression:

        License :: OSI Approved :: Apache Software License

        See https://packaging.python.org/en/latest/guides/writing-pyproject-toml/#license for details.
        ********************************************************************************

!!
  self._finalize_license_expression()
running bdist_wheel
running build
running build_py
creating build/lib/sortedcontainers
copying sortedcontainers/sortedlist.py -> build/lib/sortedcontainers
copying sortedcontainers/__init__.py -> build/lib/sortedcontainers
copying sortedcontainers/sortedset.py -> build/lib/sortedcontainers
copying sortedcontainers/sorteddict.py -> build/lib/sortedcontainers
installing to build/bdist.macosx-11.0-arm64/wheel
running install
running install_lib
creating build/bdist.macosx-11.0-arm64/wheel
creating build/bdist.macosx-11.0-arm64/wheel/sortedcontainers
copying build/lib/sortedcontainers/sortedlist.py -> build/bdist.macosx-11.0-arm64/wheel/./sortedcontainers
copying build/lib/sortedcontainers/__init__.py -> build/bdist.macosx-11.0-arm64/wheel/./sortedcontainers
copying build/lib/sortedcontainers/sortedset.py -> build/bdist.macosx-11.0-arm64/wheel/./sortedcontainers
copying build/lib/sortedcontainers/sorteddict.py -> build/bdist.macosx-11.0-arm64/wheel/./sortedcontainers
running install_egg_info
running egg_info
writing sortedcontainers.egg-info/PKG-INFO
writing dependency_links to sortedcontainers.egg-info/dependency_links.txt
writing top-level names to sortedcontainers.egg-info/top_level.txt
reading manifest file 'sortedcontainers.egg-info/SOURCES.txt'
reading manifest template 'MANIFEST.in'
adding license file 'LICENSE'
adding license file 'LICENSE-APACHE-2.0.txt'
writing manifest file 'sortedcontainers.egg-info/SOURCES.txt'
Copying sortedcontainers.egg-info to build/bdist.macosx-11.0-arm64/wheel/./sortedcontainers-2.4.0-py3.12.egg-info
running install_scripts
creating build/bdist.macosx-11.0-arm64/wheel/sortedcontainers-2.4.0.dist-info/WHEEL
creating '/tmp/fmls-sortedcontainers-source-replay2-20260928/build-C/.tmp-64bira5j/sortedcontainers-2.4.0-py3-none-any.whl' and adding 'build/bdist.macosx-11.0-arm64/wheel' to it
adding 'sortedcontainers/__init__.py'
adding 'sortedcontainers/sorteddict.py'
adding 'sortedcontainers/sortedlist.py'
adding 'sortedcontainers/sortedset.py'
adding 'sortedcontainers-2.4.0.dist-info/licenses/LICENSE'
adding 'sortedcontainers-2.4.0.dist-info/licenses/LICENSE-APACHE-2.0.txt'
adding 'sortedcontainers-2.4.0.dist-info/METADATA'
adding 'sortedcontainers-2.4.0.dist-info/WHEEL'
adding 'sortedcontainers-2.4.0.dist-info/top_level.txt'
adding 'sortedcontainers-2.4.0.dist-info/RECORD'
removing build/bdist.macosx-11.0-arm64/wheel
Successfully built /tmp/fmls-sortedcontainers-source-replay2-20260928/build-C/sortedcontainers-2.4.0-py3-none-any.whl
