   Compiling mlsirm-core v0.11.4 (/Users/seonghobae/orca/workspaces/fast-mlsirm/fmls-ac-slope-prior/crates/mlsirm-core)
warning: function `gh_rule_unidim` is never used
   --> crates/mlsirm-core/src/quadrature.rs:911:15
    |
911 | pub(crate) fn gh_rule_unidim(q: usize) -> Option<(&'static [f64], &'static [f64])> {
    |               ^^^^^^^^^^^^^^
    |
    = note: `#[warn(dead_code)]` (part of `#[warn(unused)]`) on by default

warning: `mlsirm-core` (lib) generated 1 warning
    Finished `test` profile [optimized + debuginfo] target(s) in 1m 13s
  Executable unittests src/entrypoint.rs (target/debug/deps/mlsirm_core-ed2facb48d9beec2)
  Executable tests/bifactor_fipc_tests.rs (target/debug/deps/bifactor_fipc_tests-5baadc55768bda0f)
  Executable tests/bifactor_general_factor_contract.rs (target/debug/deps/bifactor_general_factor_contract-75bb134cf578dc5a)
  Executable tests/bifactor_grm_mirt_agreement.rs (target/debug/deps/bifactor_grm_mirt_agreement-fdbc2c3a956f4f29)
  Executable tests/bifactor_grm_recovery.rs (target/debug/deps/bifactor_grm_recovery-c7bd3df9acac9276)
  Executable tests/bifactor_indices.rs (target/debug/deps/bifactor_indices-d5670c7d558f5515)
  Executable tests/bifactor_indices_overflow.rs (target/debug/deps/bifactor_indices_overflow-21cdac31a33d6648)
  Executable tests/bifactor_logit_indices.rs (target/debug/deps/bifactor_logit_indices-2bce2597e9c2be15)
  Executable tests/bifactor_multigroup_free_anchor.rs (target/debug/deps/bifactor_multigroup_free_anchor-08eee5adab6d313a)
  Executable tests/bifactor_multigroup_recovery.rs (target/debug/deps/bifactor_multigroup_recovery-bef591f584554c4a)
  Executable tests/bifactor_multigroup_reflection.rs (target/debug/deps/bifactor_multigroup_reflection-463ed6c321523b28)
  Executable tests/bifactor_multigroup_single_group.rs (target/debug/deps/bifactor_multigroup_single_group-079a45523b4c0485)
  Executable tests/bifactor_oakes_calibration.rs (target/debug/deps/bifactor_oakes_calibration-e8e284c4e5ac5584)
  Executable tests/bifactor_oakes_mirt.rs (target/debug/deps/bifactor_oakes_mirt-034b08137b9511e4)
  Executable tests/bifactor_work_budget.rs (target/debug/deps/bifactor_work_budget-d6a19fe1f36ba024)
  Executable tests/higher_order_mc_recovery.rs (target/debug/deps/higher_order_mc_recovery-92dc680dd424bfa9)
  Executable tests/inference_second_order_tolerance.rs (target/debug/deps/inference_second_order_tolerance-6be2bf82083b5c6c)
  Executable tests/lineage_channel_weight_domain_neutral.rs (target/debug/deps/lineage_channel_weight_domain_neutral-d3fbb191f0f9231b)
  Executable tests/literature_true_parameter_recovery.rs (target/debug/deps/literature_true_parameter_recovery-a9f9dbbfc110d02e)
  Executable tests/longitudinal_fail_closed.rs (target/debug/deps/longitudinal_fail_closed-6fb33eee9ce50b85)
  Executable tests/longitudinal_short_interval.rs (target/debug/deps/longitudinal_short_interval-707d5cd7d6f93e2e)
  Executable tests/m2_moment_ownership.rs (target/debug/deps/m2_moment_ownership-e996fcd2588f7c9f)
  Executable tests/m2_prior_validation.rs (target/debug/deps/m2_prior_validation-a0cb3436b5d27649)
  Executable tests/mixed_bound_reporting.rs (target/debug/deps/mixed_bound_reporting-3daddf85313bfe90)
  Executable tests/mixed_signed_slope_recovery.rs (target/debug/deps/mixed_signed_slope_recovery-6542fe7f49310fdd)
  Executable tests/multilevel_duplicate_context.rs (target/debug/deps/multilevel_duplicate_context-8e2a13aad3c577c7)
  Executable tests/multilevel_finite_effects.rs (target/debug/deps/multilevel_finite_effects-7beefaaa660bb0e2)
  Executable tests/poly_fipc_tests.rs (target/debug/deps/poly_fipc_tests-8dfc9a5c9f999f53)
  Executable tests/poly_multigroup_reflection.rs (target/debug/deps/poly_multigroup_reflection-063a6cf7cc061454)
  Executable tests/poly_signed_slope_recovery.rs (target/debug/deps/poly_signed_slope_recovery-1fb7c8dc9dc5f349)
  Executable tests/polytomous_predictions_resource.rs (target/debug/deps/polytomous_predictions_resource-fddf3b0bb468ac1b)
  Executable tests/projected_m2_validation.rs (target/debug/deps/projected_m2_validation-b8d385cf52e4cc3e)
  Executable tests/rating_range_evidence.rs (target/debug/deps/rating_range_evidence-682a4b34f6e6454b)
  Executable tests/regression_ols.rs (target/debug/deps/regression_ols-411065b050080f1f)
  Executable tests/sampling_design_complexity.rs (target/debug/deps/sampling_design_complexity-e6846a9f461ef77f)
  Executable tests/two_tier_grm_mirt_agreement.rs (target/debug/deps/two_tier_grm_mirt_agreement-81d86d45adebc4ca)
  Executable tests/two_tier_grm_node_agreement.rs (target/debug/deps/two_tier_grm_node_agreement-dae6301b915d51d6)
  Executable tests/two_tier_grm_recovery.rs (target/debug/deps/two_tier_grm_recovery-b8a9432c336ecba4)
  Executable tests/two_tier_oakes_mirt.rs (target/debug/deps/two_tier_oakes_mirt-2eecb1e6d2c60802)
  Executable tests/two_tier_reduces_to_bifactor.rs (target/debug/deps/two_tier_reduces_to_bifactor-6372f3546261bb35)
